
> learningos@1.0.0 start
> next start -p 3100

   ▲ Next.js 15.5.25
   - Local:        http://localhost:3100
   - Network:      http://10.172.60.169:3100

 ✓ Starting...
 ✓ Ready in 1561ms
[learning-path] curriculum generation failed (network): TypeError: fetch failed
[youtube] search failed (validation): Search query must be between 2 and 120 characters.
[youtube] search failed (validation): Search query must be between 2 and 120 characters.
[youtube] search failed (validation): Invalid value for parameter. Allowed: beginner, intermediate, advanced.
[youtube] search failed (validation): Invalid value for parameter. Allowed: any, short, medium, long.
[youtube] search failed (validation): Invalid limit. Provide an integer between 1 and 12.
[youtube] search failed (validation): Invalid language. Use a BCP-47 style code such as en or hi, "hinglish", or "any".
[youtube] search failed (api): Request to /search failed
[learning-path] curriculum generation failed (network): TypeError: fetch failed
[learning-path] curriculum generation failed (invalid_output): curriculum validation failed after 4 attempts; last reason: the response is not valid JSON
[learning-path] curriculum generation failed (network): TypeError: fetch failed
[youtube] search failed (validation): Search query must be between 2 and 120 characters.
[youtube] search failed (validation): Search query must be between 2 and 120 characters.
[youtube] search failed (validation): Invalid value for parameter. Allowed: beginner, intermediate, advanced.
[youtube] search failed (validation): Invalid value for parameter. Allowed: any, short, medium, long.
[youtube] search failed (validation): Invalid limit. Provide an integer between 1 and 12.
[youtube] search failed (validation): Invalid language. Use a BCP-47 style code such as en or hi, "hinglish", or "any".
[youtube] search failed (api): Request to /search failed
[learning-path] curriculum generation failed (network): TypeError: fetch failed
[learning-path] curriculum generation failed (network): TypeError: fetch failed
[learning-path] curriculum generation failed (network): TypeError: fetch failed
[learning-path] curriculum generation failed (network): TypeError: fetch failed
[learning-path] curriculum generation failed (invalid_output): curriculum validation failed after 4 attempts; last reason: the response is not valid JSON
[learning-path] curriculum generation failed (network): TypeError: fetch failed
[learning-path] youtube engine failed while attaching lesson 9: Request to /search failed
[learning-path] resource update for lesson 6f5d54e8-624e-40a4-9156-f4d0075e1003 failed: TypeError: fetch failed | details: TypeError: fetch failed

Caused by: ConnectTimeoutError: Connect Timeout Error (attempted addresses: 64:ff9b::ac40:95f6:443, 104.18.38.10:443, 64:ff9b::6812:260a:443, 172.64.149.246:443, timeout: 10000ms) (UND_ERR_CONNECT_TIMEOUT)
ConnectTimeoutError: Connect Timeout Error (attempted addresses: 64:ff9b::ac40:95f6:443, 104.18.38.10:443, 64:ff9b::6812:260a:443, 172.64.149.246:443, timeout: 10000ms)
    at onConnectTimeout (node:internal/deps/undici/undici:2602:28)
    at Immediate._onImmediate (node:internal/deps/undici/undici:2568:35)
    at process.processImmediate (node:internal/timers:485:21)
    at process.callbackTrampoline (node:internal/async_hooks:130:17)
[learning-paths] switch failed (not_found): path 11111111-1111-4111-8111-111111111111 does not belong to user 322444a1-0515-4bd8-841f-379dbc084bb3
[learning-path] curriculum generation failed (invalid_output): curriculum validation failed after 4 attempts; last reason: module 8 is missing its lessons array
[learning-path] curriculum generation failed (invalid_output): curriculum validation failed after 4 attempts; last reason: the path must contain between 4 and 12 lessons
[learning-path] curriculum generation failed (invalid_output): curriculum validation failed after 4 attempts; last reason: the response is not valid JSON
[learning-path] curriculum generation failed (invalid_output): curriculum validation failed after 4 attempts; last reason: the path must contain between 4 and 12 lessons
[learning-path] curriculum generation failed (invalid_output): curriculum validation failed after 4 attempts; last reason: final_outcome is missing - define the domain-appropriate culmination of this path
[learning-path] curriculum generation failed (network): TypeError: fetch failed
[learning-path] curriculum generation failed (invalid_output): curriculum validation failed after 4 attempts; last reason: the response is not valid JSON
[learning-path] curriculum generation failed (invalid_output): curriculum validation failed after 4 attempts; last reason: the response is not valid JSON
[learning-path] curriculum generation failed (invalid_output): curriculum validation failed after 4 attempts; last reason: the response is not valid JSON
[learning-path] curriculum generation failed (invalid_output): curriculum validation failed after 4 attempts; last reason: the response is not valid JSON
[learning-path] curriculum generation failed (invalid_output): curriculum validation failed after 4 attempts; last reason: the response is not valid JSON
[learning-path] curriculum generation failed (invalid_output): curriculum validation failed after 4 attempts; last reason: final_outcome needs between 1 and 8 milestones
[learning-path] curriculum generation failed (invalid_output): curriculum validation failed after 4 attempts; last reason: the response is not valid JSON
[learning-path] curriculum generation failed (invalid_output): curriculum validation failed after 4 attempts; last reason: the response is not valid JSON
[learning-paths] switch failed (not_found): path 3c8b3adb-e2be-48c1-87a1-c18abc89a0dd does not belong to user 322444a1-0515-4bd8-841f-379dbc084bb3
